============================= test session starts =============================
platform win32 -- Python 3.13.7, pytest-8.4.2, pluggy-1.6.0
codspeed: 4.0.0 (disabled, mode: walltime, callgraph: not supported, timer_resolution: 100.0ns)
benchmark: 5.1.0 (defaults: timer=time.perf_counter disable_gc=False min_rounds=5 min_time=0.000005 max_time=1.0 calibration_precision=10 warmup=False warmup_iterations=100000)
rootdir: C:\Users\Aaron Sequeira\AI-ML-Based-traffic-management-system\backend
configfile: pytest.ini
plugins: anyio-4.11.0, langsmith-0.4.31, asyncio-1.2.0, benchmark-5.1.0, codspeed-4.0.0, cov-7.0.0, recording-0.13.4, socket-0.7.0, syrupy-4.9.1
asyncio: mode=Mode.AUTO, debug=False, asyncio_default_fixture_loop_scope=None, asyncio_default_test_loop_scope=function
collected 0 items / 1 error

=================================== ERRORS ====================================
____________________ ERROR collecting tests/test_config.py ____________________
..\AppData\Roaming\Python\Python313\site-packages\pydantic_settings\sources\base.py:510: in __call__
    field_value = self.prepare_field_value(field_name, field, field_value, value_is_complex)
                  ^^^^^^^^^^^^^^^^^^^^^^^^^^^^^^^^^^^^^^^^^^^^^^^^^^^^^^^^^^^^^^^^^^^^^^^^^^
..\AppData\Roaming\Python\Python313\site-packages\pydantic_settings\sources\providers\env.py:123: in prepare_field_value
    raise e
..\AppData\Roaming\Python\Python313\site-packages\pydantic_settings\sources\providers\env.py:120: in prepare_field_value
    value = self.decode_complex_value(field_name, field, value)
            ^^^^^^^^^^^^^^^^^^^^^^^^^^^^^^^^^^^^^^^^^^^^^^^^^^^
..\AppData\Roaming\Python\Python313\site-packages\pydantic_settings\sources\base.py:187: in decode_complex_value
    return json.loads(value)
           ^^^^^^^^^^^^^^^^^
C:\Python313\Lib\json\__init__.py:346: in loads
    return _default_decoder.decode(s)
           ^^^^^^^^^^^^^^^^^^^^^^^^^^
C:\Python313\Lib\json\decoder.py:345: in decode
    obj, end = self.raw_decode(s, idx=_w(s, 0).end())
               ^^^^^^^^^^^^^^^^^^^^^^^^^^^^^^^^^^^^^^
C:\Python313\Lib\json\decoder.py:363: in raw_decode
    raise JSONDecodeError("Expecting value", s, err.value) from None
E   json.decoder.JSONDecodeError: Expecting value: line 1 column 1 (char 0)

The above exception was the direct cause of the following exception:
backend\tests\test_config.py:12: in <module>
    from app.core.config import (
backend\app\core\config.py:243: in <module>
    settings = get_application_settings()
               ^^^^^^^^^^^^^^^^^^^^^^^^^^
backend\app\core\config.py:214: in get_application_settings
    return DevelopmentSettings()
           ^^^^^^^^^^^^^^^^^^^^^
..\AppData\Roaming\Python\Python313\site-packages\pydantic_settings\main.py:195: in __init__
    **__pydantic_self__._settings_build_values(
..\AppData\Roaming\Python\Python313\site-packages\pydantic_settings\main.py:438: in _settings_build_values
    source_state = source()
                   ^^^^^^^^
..\AppData\Roaming\Python\Python313\site-packages\pydantic_settings\sources\providers\dotenv.py:106: in __call__
    data: dict[str, Any] = super().__call__()
                           ^^^^^^^^^^^^^^^^^^
..\AppData\Roaming\Python\Python313\site-packages\pydantic_settings\sources\base.py:512: in __call__
    raise SettingsError(
E   pydantic_settings.exceptions.SettingsError: error parsing value for field "allowed_origins" from source "DotEnvSettingsSource"
------------------------------- Captured stdout -------------------------------
Unexpected configuration error: error parsing value for field "allowed_origins" from source "DotEnvSettingsSource"
Using development settings with default values
=========================== short test summary info ===========================
ERROR backend\tests\test_config.py - pydantic_settings.exceptions.SettingsErr...
!!!!!!!!!!!!!!!!!!! Interrupted: 1 error during collection !!!!!!!!!!!!!!!!!!!!
============================== 1 error in 0.31s ===============================
